// Jest Snapshot v1, https://goo.gl/fbAQLP

exports[`Generate NotFound 1`] = `
<div
  className="css-nuebov-GenericNotFound"
>
  <div
    className="css-z0gdeh-GenericNotFound"
  >
    <h1
      className="css-1wf7gym"
    >
      404 Fichier introuvable
    </h1>
    <span
      className="css-zf5itg-GenericNotFound"
    >
      Je suis dÃ©solÃ©e,
       
      <span
        aria-label="sleeping emoji"
        role="img"
      >
        ðŸ˜”ðŸ’¤
      </span>
       
      je
       
      <big>
        <i>
          take a nap
        </i>
      </big>
      .
    </span>
    <span
      className="css-cjky94-GenericNotFound"
    />
    <a
      aria-current="page"
      className="css-ixjln1-GenericNotFound"
      href="/"
      onClick={[Function]}
      onMouseEnter={[Function]}
      style={Object {}}
    >
      Accueil
    </a>
  </div>
</div>
`;
