// Jest Snapshot v1, https://goo.gl/fbAQLP

exports[`Generate Layout 1`] = `
<div
  className="css-5y504r-GenericLayout"
>
  <header
    className="css-1upxki1-Header"
  >
    <nav
      className="css-13lif9l-Header"
    >
      <a
        className="css-yswi07"
        href="/"
      >
        <img
          alt="header logo"
        />
         Accueil
      </a>
      <div
        className="css-1eya205-Header"
      />
    </nav>
  </header>
  <main
    className="css-1t248nq-GenericLayout"
  >
    <span>
      Lorem ipsum
    </span>
  </main>
  <footer
    className="css-zm957j-Footer"
  >
    <span
      className="css-vurnku"
    >
      © 
      1900
       - 
      2021
       
      John Doe
      .
    </span>
    <div
      className="css-j4ym7v-Footer"
    />
    <img
      alt="footer logo"
    />
    <span
      className="css-vurnku"
    >
       est propulsé par 
      <a
        href="https://www.gatsbyjs.com/"
      >
        Gatsby
      </a>
       
      et 
      <a
        href="https://www.netlify.com/"
      >
        Netlify
      </a>
      .
    </span>
  </footer>
</div>
`;
